service-a: PoolConfig[maxPerRoute=32, acquireTimeout=PT1S, maxIdleTime=PT20S, connectTimeout=PT1S, onExhausted=BLOCK_WITH_TIMEOUT]
service-a: CLIENT=pool -> B at 127.0.0.1:8080
[main] INFO org.eclipse.jetty.server.Server - jetty-12.1.13; built: 2026-09-04T06:53:08.311Z; git: e99386749a0a4888cd9b555ffc96a476fd48d94e; jvm 25.0.4.1+1-LTS
[main] INFO org.eclipse.jetty.server.AbstractConnector - Started oejs.ServerConnector@6b1274d2{HTTP/1.1, (http/1.1)}{0.0.0.0:8081}
[main] INFO org.eclipse.jetty.server.Server - Started oejs.Server@7364985f{STARTING}[12.1.13,sto=0] @17ms
stats,window_end_epoch,ok,errors,distinct_local_ports,errors_by_type
stats,1790871611,0,0,0,
stats,1790871612,1,0,1,
stats,1790871613,194,0,2,
stats,1790871614,202,0,2,
stats,1790871615,199,0,2,
stats,1790871616,201,0,2,
stats,1790871617,198,0,1,
stats,1790871618,200,0,1,
stats,1790871619,200,0,2,
stats,1790871620,200,0,1,
stats,1790871621,200,0,1,
stats,1790871622,200,0,1,
stats,1790871623,537,0,6,
stats,1790871624,996,0,6,
stats,1790871625,1002,0,5,
stats,1790871626,1001,0,6,
stats,1790871627,999,0,5,
stats,1790871628,999,0,5,
stats,1790871629,997,0,5,
stats,1790871630,1003,0,6,
stats,1790871631,999,0,18,
stats,1790871632,997,0,5,
stats,1790871633,1003,0,5,
stats,1790871634,999,0,5,
stats,1790871635,1005,0,5,
stats,1790871636,999,0,6,
stats,1790871637,1001,0,5,
stats,1790871638,995,0,5,
stats,1790871639,1003,0,6,
stats,1790871640,1005,0,7,
stats,1790871641,993,0,7,
stats,1790871642,1002,0,5,
stats,1790871643,999,0,5,
stats,1790871644,999,0,5,
stats,1790871645,1002,0,5,
stats,1790871646,996,0,7,
stats,1790871647,1001,0,5,
stats,1790871648,1002,0,5,
stats,1790871649,1002,0,5,
stats,1790871650,997,0,5,
stats,1790871651,1003,0,6,
stats,1790871652,997,0,5,
stats,1790871653,1001,0,6,
stats,1790871654,998,0,5,
stats,1790871655,1004,0,5,
stats,1790871656,997,0,5,
stats,1790871657,1000,0,6,
stats,1790871658,998,0,5,
stats,1790871659,999,0,5,
stats,1790871660,1005,0,5,
stats,1790871661,998,0,5,
stats,1790871662,1001,0,7,
stats,1790871663,999,0,6,
stats,1790871664,998,0,5,
stats,1790871665,1003,0,5,
stats,1790871666,1003,0,7,
stats,1790871667,1001,0,5,
stats,1790871668,995,0,5,
stats,1790871669,1000,0,5,
stats,1790871670,1002,0,5,
stats,1790871671,1002,0,6,
stats,1790871672,995,0,5,
stats,1790871673,1001,0,5,
stats,1790871674,1003,0,5,
stats,1790871675,995,0,5,
stats,1790871676,1003,0,5,
stats,1790871677,996,0,5,
stats,1790871678,1003,0,5,
stats,1790871679,997,0,6,
stats,1790871680,1004,0,5,
stats,1790871681,1001,0,6,
stats,1790871682,1003,0,7,
stats,1790871683,1002,0,5,
stats,1790871684,995,0,6,
stats,1790871685,997,0,6,
stats,1790871686,1007,0,5,
stats,1790871687,995,0,5,
stats,1790871688,1000,0,6,
stats,1790871689,999,0,5,
stats,1790871690,997,0,6,
stats,1790871691,1005,0,6,
stats,1790871692,1000,0,5,
stats,1790871693,1001,0,5,
stats,1790871694,996,0,6,
stats,1790871695,1001,0,7,
stats,1790871696,1000,0,5,
stats,1790871697,1010,0,5,
stats,1790871698,993,0,5,
stats,1790871699,1002,0,5,
stats,1790871700,993,0,5,
stats,1790871701,1006,0,5,
stats,1790871702,996,0,5,
stats,1790871703,999,0,5,
stats,1790871704,1002,0,5,
stats,1790871705,999,0,5,
stats,1790871706,1004,0,6,
stats,1790871707,997,0,5,
stats,1790871708,1003,0,6,
stats,1790871709,998,0,6,
stats,1790871710,1005,0,5,
stats,1790871711,992,0,11,
stats,1790871712,1004,0,6,
stats,1790871713,997,0,5,
stats,1790871714,1006,0,5,
stats,1790871715,996,0,5,
stats,1790871716,1001,0,5,
stats,1790871717,997,0,6,
stats,1790871718,1001,0,6,
stats,1790871719,999,0,5,
stats,1790871720,1003,0,5,
stats,1790871721,999,0,7,
stats,1790871722,1002,0,5,
stats,1790871723,996,0,6,
stats,1790871724,1001,0,5,
stats,1790871725,997,0,5,
stats,1790871726,1010,0,5,
stats,1790871727,996,0,6,
stats,1790871728,998,0,5,
stats,1790871729,998,0,5,
stats,1790871730,1008,0,5,
stats,1790871731,991,0,5,
stats,1790871732,1004,0,5,
stats,1790871733,998,0,6,
stats,1790871734,999,0,5,
stats,1790871735,1000,0,10,
stats,1790871736,998,0,5,
stats,1790871737,1004,0,5,
stats,1790871738,1005,0,5,
stats,1790871739,1000,0,5,
stats,1790871740,994,0,5,
stats,1790871741,1006,0,6,
stats,1790871742,995,0,5,
stats,1790871743,1001,0,5,
stats,1790871744,996,0,5,
stats,1790871745,1002,0,5,
stats,1790871746,1002,0,5,
stats,1790871747,997,0,5,
stats,1790871748,1002,0,6,
stats,1790871749,1001,0,5,
stats,1790871750,998,0,5,
stats,1790871751,999,0,5,
stats,1790871752,998,0,5,
stats,1790871753,1003,0,5,
stats,1790871754,996,0,5,
stats,1790871755,1005,0,5,
stats,1790871756,1000,0,5,
stats,1790871757,1001,0,5,
stats,1790871758,999,0,5,
stats,1790871759,1001,0,5,
stats,1790871760,997,0,5,
stats,1790871761,1002,0,5,
stats,1790871762,997,0,5,
stats,1790871763,1003,0,6,
stats,1790871764,1004,0,5,
stats,1790871765,996,0,5,
stats,1790871766,997,0,5,
stats,1790871767,1001,0,5,
stats,1790871768,1001,0,5,
stats,1790871769,1008,0,5,
stats,1790871770,993,0,5,
stats,1790871771,1001,0,6,
stats,1790871772,999,0,5,
stats,1790871773,471,0,5,
stats,1790871774,0,0,0,
