service-a: CLIENT=fresh -> B at 127.0.0.1:8080
[main] INFO org.eclipse.jetty.server.Server - jetty-12.1.13; built: 2026-09-04T06:53:08.311Z; git: e99386749a0a4888cd9b555ffc96a476fd48d94e; jvm 25.0.4.1+1-LTS
[main] INFO org.eclipse.jetty.server.AbstractConnector - Started oejs.ServerConnector@12405818{HTTP/1.1, (http/1.1)}{0.0.0.0:8081}
[main] INFO org.eclipse.jetty.server.Server - Started oejs.Server@6b67034{STARTING}[12.1.13,sto=0] @16ms
stats,window_end_epoch,ok,errors,distinct_local_ports,errors_by_type
stats,1790791118,0,0,0,
stats,1790791119,56,0,56,
stats,1790791120,199,0,200,
stats,1790791121,200,0,199,
stats,1790791122,200,0,200,
stats,1790791123,199,0,200,
stats,1790791124,201,0,201,
stats,1790791125,201,0,200,
stats,1790791126,200,0,200,
stats,1790791127,199,0,199,
stats,1790791128,200,0,200,
stats,1790791129,147,0,147,
stats,1790791130,0,0,0,
stats,1790791131,0,0,0,
stats,1790791132,0,0,0,
stats,1790791133,0,0,0,
stats,1790791134,0,0,0,
stats,1790791135,0,0,0,
stats,1790791136,0,0,0,
stats,1790791137,0,0,0,
stats,1790791138,0,0,0,
stats,1790791139,0,0,0,
stats,1790791140,0,0,0,
stats,1790791141,0,0,0,
stats,1790791142,0,0,0,
stats,1790791143,0,0,0,
stats,1790791144,0,0,0,
stats,1790791145,0,0,0,
stats,1790791146,0,0,0,
stats,1790791147,0,0,0,
stats,1790791148,0,0,0,
stats,1790791149,0,0,0,
stats,1790791150,0,0,0,
stats,1790791151,0,0,0,
stats,1790791152,0,0,0,
stats,1790791153,0,0,0,
stats,1790791154,0,0,0,
stats,1790791155,0,0,0,
stats,1790791156,0,0,0,
stats,1790791157,0,0,0,
stats,1790791158,0,0,0,
stats,1790791159,0,0,0,
stats,1790791160,0,0,0,
stats,1790791161,0,0,0,
stats,1790791162,0,0,0,
stats,1790791163,0,0,0,
stats,1790791164,0,0,0,
stats,1790791165,0,0,0,
stats,1790791166,0,0,0,
stats,1790791167,0,0,0,
stats,1790791168,0,0,0,
stats,1790791169,0,0,0,
stats,1790791170,0,0,0,
stats,1790791171,0,0,0,
stats,1790791172,0,0,0,
stats,1790791173,0,0,0,
stats,1790791174,0,0,0,
stats,1790791175,0,0,0,
stats,1790791176,0,0,0,
stats,1790791177,0,0,0,
stats,1790791178,0,0,0,
stats,1790791179,0,0,0,
stats,1790791180,0,0,0,
stats,1790791181,0,0,0,
stats,1790791182,0,0,0,
stats,1790791183,0,0,0,
stats,1790791184,0,0,0,
stats,1790791185,0,0,0,
stats,1790791186,0,0,0,
stats,1790791187,0,0,0,
stats,1790791188,0,0,0,
stats,1790791189,0,0,0,
stats,1790791190,0,0,0,
stats,1790791191,0,0,0,
stats,1790791192,0,0,0,
stats,1790791193,0,0,0,
stats,1790791194,863,0,863,
stats,1790791195,997,0,997,
stats,1790791196,1003,0,1004,
stats,1790791197,999,0,998,
stats,1790791198,1000,0,1001,
stats,1790791199,999,0,998,
stats,1790791200,998,0,998,
stats,1790791201,1000,0,1000,
stats,1790791202,1004,0,1006,
stats,1790791203,998,0,998,
stats,1790791204,998,0,1001,
stats,1790791205,1000,0,1000,
stats,1790791206,1001,0,996,
stats,1790791207,1002,0,1003,
stats,1790791208,1000,0,999,
stats,1790791209,997,0,997,
stats,1790791210,1003,0,1003,
stats,1790791211,1001,0,1001,
stats,1790791212,996,0,996,
stats,1790791213,1003,0,1003,
stats,1790791214,1000,0,1000,
stats,1790791215,1001,0,1001,
stats,1790791216,999,0,999,
stats,1790791217,997,0,998,
stats,1790791218,1003,0,1002,
stats,1790791219,1000,0,1000,
stats,1790791220,999,0,999,
stats,1790791221,997,0,997,
error-first,java.net.BindException: Cannot assign requested address
java.net.BindException: Cannot assign requested address
	at java.base/sun.nio.ch.Net.connect0(Native Method)
	at java.base/sun.nio.ch.Net.connect(Unknown Source)
	at java.base/sun.nio.ch.Net.connect(Unknown Source)
	at java.base/sun.nio.ch.NioSocketImpl.connect(Unknown Source)
	at java.base/java.net.SocksSocketImpl.connect(Unknown Source)
	at java.base/java.net.Socket.connect(Unknown Source)
	at dev.connpool.a.FreshConnectionClient.get(FreshConnectionClient.java:44)
	at dev.connpool.a.ServiceA$CallHandler.handle(ServiceA.java:77)
	at org.eclipse.jetty.server.Server.handle(Server.java:197)
	at org.eclipse.jetty.server.internal.HttpChannelState$HandlerInvoker.run(HttpChannelState.java:804)
	at org.eclipse.jetty.server.internal.HttpConnection.onFillable(HttpConnection.java:420)
	at org.eclipse.jetty.server.internal.HttpConnection$FillableCallback.succeeded(HttpConnection.java:1790)
	at org.eclipse.jetty.io.FillInterest.fillable(FillInterest.java:105)
	at org.eclipse.jetty.io.SelectableChannelEndPoint$1.run(SelectableChannelEndPoint.java:54)
	at org.eclipse.jetty.util.thread.strategy.AdaptiveExecutionStrategy.runTask(AdaptiveExecutionStrategy.java:492)
	at org.eclipse.jetty.util.thread.strategy.AdaptiveExecutionStrategy.epcRunTask(AdaptiveExecutionStrategy.java:428)
	at org.eclipse.jetty.util.thread.strategy.AdaptiveExecutionStrategy.consumeTask(AdaptiveExecutionStrategy.java:401)
	at org.eclipse.jetty.util.thread.strategy.AdaptiveExecutionStrategy.tryProduce(AdaptiveExecutionStrategy.java:255)
	at org.eclipse.jetty.util.thread.strategy.AdaptiveExecutionStrategy.run(AdaptiveExecutionStrategy.java:204)
	at org.eclipse.jetty.util.thread.ReservedThreadExecutor$ReservedThread.run(ReservedThreadExecutor.java:317)
	at org.eclipse.jetty.util.thread.QueuedThreadPool.runJob(QueuedThreadPool.java:1009)
	at org.eclipse.jetty.util.thread.QueuedThreadPool$Runner.doRunJob(QueuedThreadPool.java:1240)
	at org.eclipse.jetty.util.thread.QueuedThreadPool$Runner.run(QueuedThreadPool.java:1194)
	at java.base/java.lang.Thread.run(Unknown Source)
stats,1790791222,373,631,373,java.net.BindException: Cannot assign requested address=631
stats,1790791223,0,999,0,java.net.BindException: Cannot assign requested address=999
stats,1790791224,0,997,0,java.net.BindException: Cannot assign requested address=997
stats,1790791225,0,1001,0,java.net.BindException: Cannot assign requested address=1001
stats,1790791226,0,1002,0,java.net.BindException: Cannot assign requested address=1002
stats,1790791227,0,1002,0,java.net.BindException: Cannot assign requested address=1002
stats,1790791228,0,999,0,java.net.BindException: Cannot assign requested address=999
stats,1790791229,0,1000,0,java.net.BindException: Cannot assign requested address=1000
stats,1790791230,0,1000,0,java.net.BindException: Cannot assign requested address=1000
stats,1790791231,0,1000,0,java.net.BindException: Cannot assign requested address=1000
stats,1790791232,0,1000,0,java.net.BindException: Cannot assign requested address=1000
stats,1790791233,0,999,0,java.net.BindException: Cannot assign requested address=999
stats,1790791234,0,997,0,java.net.BindException: Cannot assign requested address=997
stats,1790791235,0,999,0,java.net.BindException: Cannot assign requested address=999
stats,1790791236,0,1005,0,java.net.BindException: Cannot assign requested address=1005
stats,1790791237,0,997,0,java.net.BindException: Cannot assign requested address=997
stats,1790791238,0,1002,0,java.net.BindException: Cannot assign requested address=1002
stats,1790791239,0,1000,0,java.net.BindException: Cannot assign requested address=1000
stats,1790791240,0,997,0,java.net.BindException: Cannot assign requested address=997
stats,1790791241,0,1000,0,java.net.BindException: Cannot assign requested address=1000
stats,1790791242,0,1004,0,java.net.BindException: Cannot assign requested address=1004
stats,1790791243,0,998,0,java.net.BindException: Cannot assign requested address=998
stats,1790791244,0,1000,0,java.net.BindException: Cannot assign requested address=1000
stats,1790791245,0,1000,0,java.net.BindException: Cannot assign requested address=1000
stats,1790791246,0,1001,0,java.net.BindException: Cannot assign requested address=1001
stats,1790791247,0,1000,0,java.net.BindException: Cannot assign requested address=1000
stats,1790791248,0,1000,0,java.net.BindException: Cannot assign requested address=1000
stats,1790791249,0,997,0,java.net.BindException: Cannot assign requested address=997
stats,1790791250,0,1007,0,java.net.BindException: Cannot assign requested address=1007
stats,1790791251,0,995,0,java.net.BindException: Cannot assign requested address=995
stats,1790791252,0,1004,0,java.net.BindException: Cannot assign requested address=1004
stats,1790791253,0,1000,0,java.net.BindException: Cannot assign requested address=1000
stats,1790791254,0,997,0,java.net.BindException: Cannot assign requested address=997
stats,1790791255,0,1000,0,java.net.BindException: Cannot assign requested address=1000
stats,1790791256,0,997,0,java.net.BindException: Cannot assign requested address=997
stats,1790791257,163,839,167,java.net.BindException: Cannot assign requested address=839
stats,1790791258,1001,0,997,
stats,1790791259,1001,0,1001,
stats,1790791260,1000,0,1002,
stats,1790791261,599,399,597,java.net.BindException: Cannot assign requested address=399
stats,1790791262,1002,0,1002,
stats,1790791263,997,0,1001,
stats,1790791264,1002,0,998,
stats,1790791265,998,0,998,
stats,1790791266,1000,1,1000,java.net.BindException: Cannot assign requested address=1
stats,1790791267,1003,0,1003,
stats,1790791268,998,0,998,
stats,1790791269,998,0,998,
stats,1790791270,1004,0,1005,
stats,1790791271,998,0,997,
stats,1790791272,998,0,998,
stats,1790791273,1005,0,1005,
stats,1790791274,998,0,998,
stats,1790791275,1001,0,1001,
stats,1790791276,999,0,999,
stats,1790791277,998,0,998,
stats,1790791278,999,0,999,
stats,1790791279,1003,0,1003,
stats,1790791280,998,0,1000,
stats,1790791281,1000,0,1000,
stats,1790791282,999,0,997,
stats,1790791283,1003,0,1003,
stats,1790791284,138,0,138,
stats,1790791285,0,0,0,
